2025-08-30 14:37:52,592 - src.main - ERROR - Unhandled exception: cannot import name 'CreditCRUD' from 'src.crud.credit_crud' (C:\Users\r.kowdampalli\Documents\kisaanCenter\backend\src\crud\credit_crud.py)
  + Exception Group Traceback (most recent call last):
  |   File "c:\Users\r.kowdampalli\Documents\kisaanCenter\.venv\Lib\site-packages\starlette\_utils.py", line 79, in collapse_excgroups
  |     yield
  |   File "c:\Users\r.kowdampalli\Documents\kisaanCenter\.venv\Lib\site-packages\starlette\middleware\base.py", line 183, in __call__
  |     async with anyio.create_task_group() as task_group:
  |                ~~~~~~~~~~~~~~~~~~~~~~~^^
  |   File "c:\Users\r.kowdampalli\Documents\kisaanCenter\.venv\Lib\site-packages\anyio\_backends\_asyncio.py", line 772, in __aexit__
  |     raise BaseExceptionGroup(
  |         "unhandled errors in a TaskGroup", self._exceptions
  |     ) from None
  | ExceptionGroup: unhandled errors in a TaskGroup (1 sub-exception)
  +-+---------------- 1 ----------------
    | Traceback (most recent call last):
    |   File "c:\Users\r.kowdampalli\Documents\kisaanCenter\.venv\Lib\site-packages\starlette\middleware\errors.py", line 164, in __call__
    |     await self.app(scope, receive, _send)
    |   File "c:\Users\r.kowdampalli\Documents\kisaanCenter\.venv\Lib\site-packages\starlette\middleware\base.py", line 182, in __call__
    |     with recv_stream, send_stream, collapse_excgroups():
    |                                    ~~~~~~~~~~~~~~~~~~^^
    |   File "C:\Users\r.kowdampalli\AppData\Local\Programs\Python\Python313\Lib\contextlib.py", line 162, in __exit__
    |     self.gen.throw(value)
    |     ~~~~~~~~~~~~~~^^^^^^^
    |   File "c:\Users\r.kowdampalli\Documents\kisaanCenter\.venv\Lib\site-packages\starlette\_utils.py", line 85, in collapse_excgroups
    |     raise exc
    |   File "c:\Users\r.kowdampalli\Documents\kisaanCenter\.venv\Lib\site-packages\starlette\middleware\base.py", line 184, in __call__
    |     response = await self.dispatch_func(request, call_next)
    |                ^^^^^^^^^^^^^^^^^^^^^^^^^^^^^^^^^^^^^^^^^^^^
    |   File "C:\Users\r.kowdampalli\Documents\kisaanCenter\backend\src\main.py", line 154, in add_process_time_header
    |     response = await call_next(request)
    |                ^^^^^^^^^^^^^^^^^^^^^^^^
    |   File "c:\Users\r.kowdampalli\Documents\kisaanCenter\.venv\Lib\site-packages\starlette\middleware\base.py", line 159, in call_next
    |     raise app_exc
    |   File "c:\Users\r.kowdampalli\Documents\kisaanCenter\.venv\Lib\site-packages\starlette\middleware\base.py", line 144, in coro
    |     await self.app(scope, receive_or_disconnect, send_no_error)
    |   File "c:\Users\r.kowdampalli\Documents\kisaanCenter\.venv\Lib\site-packages\starlette\middleware\cors.py", line 85, in __call__
    |     await self.app(scope, receive, send)
    |   File "c:\Users\r.kowdampalli\Documents\kisaanCenter\.venv\Lib\site-packages\starlette\middleware\exceptions.py", line 63, in __call__
    |     await wrap_app_handling_exceptions(self.app, conn)(scope, receive, send)
    |   File "c:\Users\r.kowdampalli\Documents\kisaanCenter\.venv\Lib\site-packages\starlette\_exception_handler.py", line 53, in wrapped_app
    |     raise exc
    |   File "c:\Users\r.kowdampalli\Documents\kisaanCenter\.venv\Lib\site-packages\starlette\_exception_handler.py", line 42, in wrapped_app
    |     await app(scope, receive, sender)
    |   File "c:\Users\r.kowdampalli\Documents\kisaanCenter\.venv\Lib\site-packages\starlette\routing.py", line 716, in __call__
    |     await self.middleware_stack(scope, receive, send)
    |   File "c:\Users\r.kowdampalli\Documents\kisaanCenter\.venv\Lib\site-packages\starlette\routing.py", line 736, in app
    |     await route.handle(scope, receive, send)
    |   File "c:\Users\r.kowdampalli\Documents\kisaanCenter\.venv\Lib\site-packages\starlette\routing.py", line 290, in handle
    |     await self.app(scope, receive, send)
    |   File "c:\Users\r.kowdampalli\Documents\kisaanCenter\.venv\Lib\site-packages\starlette\routing.py", line 78, in app
    |     await wrap_app_handling_exceptions(app, request)(scope, receive, send)
    |   File "c:\Users\r.kowdampalli\Documents\kisaanCenter\.venv\Lib\site-packages\starlette\_exception_handler.py", line 53, in wrapped_app
    |     raise exc
    |   File "c:\Users\r.kowdampalli\Documents\kisaanCenter\.venv\Lib\site-packages\starlette\_exception_handler.py", line 42, in wrapped_app
    |     await app(scope, receive, sender)
    |   File "c:\Users\r.kowdampalli\Documents\kisaanCenter\.venv\Lib\site-packages\starlette\routing.py", line 75, in app
    |     response = await f(request)
    |                ^^^^^^^^^^^^^^^^
    |   File "c:\Users\r.kowdampalli\Documents\kisaanCenter\.venv\Lib\site-packages\fastapi\routing.py", line 302, in app
    |     raw_response = await run_endpoint_function(
    |                    ^^^^^^^^^^^^^^^^^^^^^^^^^^^^
    |     ...<3 lines>...
    |     )
    |     ^
    |   File "c:\Users\r.kowdampalli\Documents\kisaanCenter\.venv\Lib\site-packages\fastapi\routing.py", line 215, in run_endpoint_function
    |     return await run_in_threadpool(dependant.call, **values)
    |            ^^^^^^^^^^^^^^^^^^^^^^^^^^^^^^^^^^^^^^^^^^^^^^^^^
    |   File "c:\Users\r.kowdampalli\Documents\kisaanCenter\.venv\Lib\site-packages\starlette\concurrency.py", line 38, in run_in_threadpool
    |     return await anyio.to_thread.run_sync(func)
    |            ^^^^^^^^^^^^^^^^^^^^^^^^^^^^^^^^^^^^
    |   File "c:\Users\r.kowdampalli\Documents\kisaanCenter\.venv\Lib\site-packages\anyio\to_thread.py", line 56, in run_sync
    |     return await get_async_backend().run_sync_in_worker_thread(
    |            ^^^^^^^^^^^^^^^^^^^^^^^^^^^^^^^^^^^^^^^^^^^^^^^^^^^^
    |         func, args, abandon_on_cancel=abandon_on_cancel, limiter=limiter
    |         ^^^^^^^^^^^^^^^^^^^^^^^^^^^^^^^^^^^^^^^^^^^^^^^^^^^^^^^^^^^^^^^^
    |     )
    |     ^
    |   File "c:\Users\r.kowdampalli\Documents\kisaanCenter\.venv\Lib\site-packages\anyio\_backends\_asyncio.py", line 2476, in run_sync_in_worker_thread
    |     return await future
    |            ^^^^^^^^^^^^
    |   File "c:\Users\r.kowdampalli\Documents\kisaanCenter\.venv\Lib\site-packages\anyio\_backends\_asyncio.py", line 967, in run
    |     result = context.run(func, *args)
    |   File "C:\Users\r.kowdampalli\Documents\kisaanCenter\backend\src\api\credits.py", line 129, in get_credits
    |     result = CreditService.get_credits(db, pagination, user_role=user_role)
    |   File "C:\Users\r.kowdampalli\Documents\kisaanCenter\backend\src\services\credit_service.py", line 70, in get_credits
    |     from ..crud.credit_crud import CreditCRUD
    | ImportError: cannot import name 'CreditCRUD' from 'src.crud.credit_crud' (C:\Users\r.kowdampalli\Documents\kisaanCenter\backend\src\crud\credit_crud.py)
    +------------------------------------

During handling of the above exception, another exception occurred:

Traceback (most recent call last):
  File "c:\Users\r.kowdampalli\Documents\kisaanCenter\.venv\Lib\site-packages\starlette\middleware\errors.py", line 164, in __call__
    await self.app(scope, receive, _send)
  File "c:\Users\r.kowdampalli\Documents\kisaanCenter\.venv\Lib\site-packages\starlette\middleware\base.py", line 182, in __call__
    with recv_stream, send_stream, collapse_excgroups():
                                   ~~~~~~~~~~~~~~~~~~^^
  File "C:\Users\r.kowdampalli\AppData\Local\Programs\Python\Python313\Lib\contextlib.py", line 162, in __exit__
    self.gen.throw(value)
    ~~~~~~~~~~~~~~^^^^^^^
  File "c:\Users\r.kowdampalli\Documents\kisaanCenter\.venv\Lib\site-packages\starlette\_utils.py", line 85, in collapse_excgroups
    raise exc
  File "c:\Users\r.kowdampalli\Documents\kisaanCenter\.venv\Lib\site-packages\starlette\middleware\base.py", line 184, in __call__
    response = await self.dispatch_func(request, call_next)
               ^^^^^^^^^^^^^^^^^^^^^^^^^^^^^^^^^^^^^^^^^^^^
  File "C:\Users\r.kowdampalli\Documents\kisaanCenter\backend\src\main.py", line 154, in add_process_time_header
    response = await call_next(request)
               ^^^^^^^^^^^^^^^^^^^^^^^^
  File "c:\Users\r.kowdampalli\Documents\kisaanCenter\.venv\Lib\site-packages\starlette\middleware\base.py", line 159, in call_next
    raise app_exc
  File "c:\Users\r.kowdampalli\Documents\kisaanCenter\.venv\Lib\site-packages\starlette\middleware\base.py", line 144, in coro
    await self.app(scope, receive_or_disconnect, send_no_error)
  File "c:\Users\r.kowdampalli\Documents\kisaanCenter\.venv\Lib\site-packages\starlette\middleware\cors.py", line 85, in __call__
    await self.app(scope, receive, send)
  File "c:\Users\r.kowdampalli\Documents\kisaanCenter\.venv\Lib\site-packages\starlette\middleware\exceptions.py", line 63, in __call__
    await wrap_app_handling_exceptions(self.app, conn)(scope, receive, send)
  File "c:\Users\r.kowdampalli\Documents\kisaanCenter\.venv\Lib\site-packages\starlette\_exception_handler.py", line 53, in wrapped_app
    raise exc
  File "c:\Users\r.kowdampalli\Documents\kisaanCenter\.venv\Lib\site-packages\starlette\_exception_handler.py", line 42, in wrapped_app
    await app(scope, receive, sender)
  File "c:\Users\r.kowdampalli\Documents\kisaanCenter\.venv\Lib\site-packages\starlette\routing.py", line 716, in __call__
    await self.middleware_stack(scope, receive, send)
  File "c:\Users\r.kowdampalli\Documents\kisaanCenter\.venv\Lib\site-packages\starlette\routing.py", line 736, in app
    await route.handle(scope, receive, send)
  File "c:\Users\r.kowdampalli\Documents\kisaanCenter\.venv\Lib\site-packages\starlette\routing.py", line 290, in handle
    await self.app(scope, receive, send)
  File "c:\Users\r.kowdampalli\Documents\kisaanCenter\.venv\Lib\site-packages\starlette\routing.py", line 78, in app
    await wrap_app_handling_exceptions(app, request)(scope, receive, send)
  File "c:\Users\r.kowdampalli\Documents\kisaanCenter\.venv\Lib\site-packages\starlette\_exception_handler.py", line 53, in wrapped_app
    raise exc
  File "c:\Users\r.kowdampalli\Documents\kisaanCenter\.venv\Lib\site-packages\starlette\_exception_handler.py", line 42, in wrapped_app
    await app(scope, receive, sender)
  File "c:\Users\r.kowdampalli\Documents\kisaanCenter\.venv\Lib\site-packages\starlette\routing.py", line 75, in app
    response = await f(request)
               ^^^^^^^^^^^^^^^^
  File "c:\Users\r.kowdampalli\Documents\kisaanCenter\.venv\Lib\site-packages\fastapi\routing.py", line 302, in app
    raw_response = await run_endpoint_function(
                   ^^^^^^^^^^^^^^^^^^^^^^^^^^^^
    ...<3 lines>...
    )
    ^
  File "c:\Users\r.kowdampalli\Documents\kisaanCenter\.venv\Lib\site-packages\fastapi\routing.py", line 215, in run_endpoint_function
    return await run_in_threadpool(dependant.call, **values)
           ^^^^^^^^^^^^^^^^^^^^^^^^^^^^^^^^^^^^^^^^^^^^^^^^^
  File "c:\Users\r.kowdampalli\Documents\kisaanCenter\.venv\Lib\site-packages\starlette\concurrency.py", line 38, in run_in_threadpool
    return await anyio.to_thread.run_sync(func)
           ^^^^^^^^^^^^^^^^^^^^^^^^^^^^^^^^^^^^
  File "c:\Users\r.kowdampalli\Documents\kisaanCenter\.venv\Lib\site-packages\anyio\to_thread.py", line 56, in run_sync
    return await get_async_backend().run_sync_in_worker_thread(
           ^^^^^^^^^^^^^^^^^^^^^^^^^^^^^^^^^^^^^^^^^^^^^^^^^^^^
        func, args, abandon_on_cancel=abandon_on_cancel, limiter=limiter
        ^^^^^^^^^^^^^^^^^^^^^^^^^^^^^^^^^^^^^^^^^^^^^^^^^^^^^^^^^^^^^^^^
    )
    ^
  File "c:\Users\r.kowdampalli\Documents\kisaanCenter\.venv\Lib\site-packages\anyio\_backends\_asyncio.py", line 2476, in run_sync_in_worker_thread
    return await future
           ^^^^^^^^^^^^
  File "c:\Users\r.kowdampalli\Documents\kisaanCenter\.venv\Lib\site-packages\anyio\_backends\_asyncio.py", line 967, in run
    result = context.run(func, *args)
  File "C:\Users\r.kowdampalli\Documents\kisaanCenter\backend\src\api\credits.py", line 129, in get_credits
    result = CreditService.get_credits(db, pagination, user_role=user_role)
  File "C:\Users\r.kowdampalli\Documents\kisaanCenter\backend\src\services\credit_service.py", line 70, in get_credits
    from ..crud.credit_crud import CreditCRUD
ImportError: cannot import name 'CreditCRUD' from 'src.crud.credit_crud' (C:\Users\r.kowdampalli\Documents\kisaanCenter\backend\src\crud\credit_crud.py)
2025-08-30 14:41:41,959 - src.database - INFO - Database connections closed
